// Jest Snapshot v1, https://goo.gl/fbAQLP

exports[`OrganizationIntegrationForm should render correct form structure 1`] = `
<DocumentFragment>
  <div>
    <section
      class="pane focusIndicator"
      id="integration-form"
    >
      <div
        aria-labelledby="paneHeaderintegration-form-pane-title"
        class="paneHeader"
        data-test-pane-header="true"
        id="paneHeaderintegration-form"
        role="region"
        tabindex="-1"
      >
        <div
          class="paneHeaderButtonsArea first"
        >
          <div
            class="paneMenu"
          >
            <button
              aria-label="stripes-components.closeItem"
              class="iconButton medium paneHeaderCloseIcon PaneHeaderIconButton paneHeaderIconButton"
              data-test-pane-header-dismiss-button="true"
              icon="times"
              type="button"
            >
              <span
                class="iconButtonInner mediumOffset PaneHeaderIconButton__inner"
                data-test-pane-header-dismiss-button="true"
              >
                <span>
                  Icon
                </span>
              </span>
            </button>
          </div>
        </div>
        <div
          class="paneHeaderCenter"
        >
          <div
            class="paneHeaderCenterInner"
            id="paneHeaderintegration-form-pane-title"
          >
            <h2
              class="paneTitle"
              data-test-pane-header-title="true"
            >
              <div
                class="appIcon small icon-alignment-center"
              >
                <span
                  aria-hidden="true"
                  class="icon"
                />
              </div>
              <span
                class="paneTitleLabel"
              >
                Create integration
              </span>
            </h2>
          </div>
        </div>
      </div>
      <div
        class="paneContent hasPadding"
        id="integration-form-content"
        tabindex="-1"
      >
        <div
          class="row"
        >
          <div
            class="col-xs-12 col-md-8 col-md-offset-2"
          >
            <div
              class="row end-xs"
            >
              <div
                class="col-xs-12"
              >
                <button
                  class="button link bottomMargin0"
                  data-test-expand-button="true"
                  type="button"
                >
                  <span
                    class="inner"
                  >
                    <strong>
                      stripes-components.collapseAll
                    </strong>
                  </span>
                </button>
              </div>
            </div>
            <div
              id="org-integration-form-accordion-set"
            >
              <section
                class="accordion hasSeparator"
                data-test-accordion-section="true"
                id="integrationInfo"
              >
                <div>
                  <div
                    style="width: 100%; display: flex;"
                  >
                    <div
                      class="headerWrapper"
                    >
                      <div
                        class="header default"
                      >
                        <h3
                          class="headline size-medium margin-none font-weight-bold block"
                          data-test-headline="true"
                        >
                          <button
                            aria-controls="accordion1"
                            aria-expanded="true"
                            class="defaultCollapseButton"
                            id="accordion-toggle-button-integrationInfo"
                            type="button"
                          >
                            <span
                              class="headerInner"
                            >
                              <span
                                class="defaultHeaderIcon"
                              >
                                <span>
                                  Icon
                                </span>
                              </span>
                              <div
                                class="labelArea"
                              >
                                ui-organizations.integration.info
                              </div>
                            </span>
                          </button>
                        </h3>
                      </div>
                    </div>
                  </div>
                </div>
                <div
                  class="content-wrap expanded"
                  style="z-index: 0;"
                >
                  <div
                    aria-labelledby="accordion-toggle-button-integrationInfo"
                    class="content-region expanded"
                    data-test-accordion-wrapper="true"
                    id="accordion1"
                    role="region"
                  >
                    <div
                      class="row"
                    >
                      <div
                        class="col-xs-3"
                      >
                        <div
                          class="textField"
                        >
                          <label
                            class="label"
                            for="text-input-6"
                          >
                            ui-organizations.integration.info.configName
                            <span
                              aria-hidden="true"
                              class="asterisk"
                            >
                              *
                            </span>
                          </label>
                          <div
                            class="formControl inputGroup"
                          >
                            <input
                              aria-invalid="false"
                              aria-required="true"
                              autocapitalize="off"
                              autocomplete="off"
                              autocorrect="off"
                              error=""
                              id="text-input-6"
                              name="exportTypeSpecificParameters.vendorEdiOrdersExportConfig.configName"
                              required=""
                              spellcheck="false"
                              type="text"
                              value=""
                              warning=""
                            />
                          </div>
                          <div
                            role="alert"
                          />
                        </div>
                      </div>
                      <div
                        class="col-xs-3"
                      >
                        <div
                          class="textArea fullWidth"
                        >
                          <label
                            class="label"
                            for="textarea-input-7"
                          >
                            ui-organizations.integration.info.configDescription
                          </label>
                          <div
                            class="inputGroup"
                          >
                            <textarea
                              aria-invalid="false"
                              class="formControl"
                              id="textarea-input-7"
                              name="exportTypeSpecificParameters.vendorEdiOrdersExportConfig.configDescription"
                            />
                            <div
                              role="alert"
                            />
                          </div>
                        </div>
                      </div>
                      <div
                        class="col-xs-3"
                      >
                        <div
                          class="checkbox fullWidth inline vertical"
                          data-test-checkbox="true"
                        >
                          <label
                            class="label label checkboxInteractionStylesControl"
                            for="checkbox-8"
                          >
                            <span
                              class="labelText"
                            >
                              ui-organizations.integration.info.isDefaultConfig
                            </span>
                            <span
                              class="inner checkboxInteractionStyles"
                            >
                              <input
                                aria-invalid="false"
                                class="input"
                                id="checkbox-8"
                                name="exportTypeSpecificParameters.vendorEdiOrdersExportConfig.isDefaultConfig"
                                type="checkbox"
                                value=""
                              />
                              <span
                                class="checkboxIcon"
                              >
                                <svg
                                  height="10"
                                  viewBox="0 0 14 14"
                                  width="10"
                                  xmlns="http://www.w3.org/2000/svg"
                                >
                                  <path
                                    d="M10.395 4.617L5.63 9.383 3.605 7.358"
                                    fill="none"
                                    stroke-linecap="round"
                                    stroke-linejoin="round"
                                    stroke-miterlimit="10"
                                    stroke-width="1.5"
                                  />
                                </svg>
                              </span>
                            </span>
                          </label>
                          <div
                            role="alert"
                          />
                        </div>
                      </div>
                    </div>
                    <div
                      class="row"
                    >
                      <div
                        class="col-xs-3"
                      >
                        <div
                          class="select inputGroup fullWidth"
                        >
                          <label
                            class="label"
                            for="select-9"
                            id="select-9-label"
                          >
                            ui-organizations.integration.info.integrationType
                            <span
                              aria-hidden="true"
                              class="asterisk"
                            >
                              *
                            </span>
                          </label>
                          <div
                            class="selectWrap"
                          >
                            <select
                              aria-invalid="false"
                              aria-labelledby="select-9-label"
                              aria-required="true"
                              class="selectControl formControl"
                              id="select-9"
                              name="exportTypeSpecificParameters.vendorEdiOrdersExportConfig.integrationType"
                              required=""
                            >
                              <option
                                value="Claiming"
                              >
                                ui-organizations.integration.info.integrationType.claiming
                              </option>
                              <option
                                value="Ordering"
                              >
                                ui-organizations.integration.info.integrationType.ordering
                              </option>
                            </select>
                            <span>
                              Icon
                            </span>
                          </div>
                          <div
                            role="alert"
                          />
                        </div>
                      </div>
                      <div
                        class="col-xs-3"
                      >
                        <div
                          class="select inputGroup fullWidth"
                        >
                          <label
                            class="label"
                            for="select-10"
                            id="select-10-label"
                          >
                            ui-organizations.integration.info.transmissionMethod
                            <span
                              aria-hidden="true"
                              class="asterisk"
                            >
                              *
                            </span>
                          </label>
                          <div
                            class="selectWrap"
                          >
                            <select
                              aria-invalid="false"
                              aria-labelledby="select-10-label"
                              aria-required="true"
                              class="selectControl formControl"
                              id="select-10"
                              name="exportTypeSpecificParameters.vendorEdiOrdersExportConfig.transmissionMethod"
                              required=""
                            >
                              <option
                                value="FTP"
                              >
                                ui-organizations.integration.info.transmissionMethod.ftp
                              </option>
                              <option
                                value="Email"
                              >
                                ui-organizations.integration.info.transmissionMethod.email
                              </option>
                            </select>
                            <span>
                              Icon
                            </span>
                          </div>
                          <div
                            role="alert"
                          />
                        </div>
                      </div>
                      <div
                        class="col-xs-3"
                      >
                        <div
                          class="select inputGroup fullWidth"
                        >
                          <label
                            class="label"
                            for="select-11"
                            id="select-11-label"
                          >
                            ui-organizations.integration.info.fileFormat
                            <span
                              aria-hidden="true"
                              class="asterisk"
                            >
                              *
                            </span>
                          </label>
                          <div
                            class="selectWrap"
                          >
                            <select
                              aria-invalid="false"
                              aria-labelledby="select-11-label"
                              aria-required="true"
                              class="selectControl formControl"
                              id="select-11"
                              name="exportTypeSpecificParameters.vendorEdiOrdersExportConfig.fileFormat"
                              required=""
                            >
                              <option
                                value="CSV"
                              >
                                CSV
                              </option>
                              <option
                                value="EDI"
                              >
                                EDI
                              </option>
                              <option
                                value="EML"
                              >
                                EML
                              </option>
                            </select>
                            <span>
                              Icon
                            </span>
                          </div>
                          <div
                            role="alert"
                          />
                        </div>
                      </div>
                    </div>
                    <div
                      class="row"
                    >
                      <div
                        class="col-xs-6 col-md-3"
                        data-test-edi-acq-methods="true"
                      >
                        <div
                          class="select inputGroup fullWidth"
                        >
                          <label
                            class="label"
                            for="select-12"
                            id="select-12-label"
                          >
                            ui-organizations.integration.edi.defaultAcquisitionMethods
                          </label>
                          <div
                            class="selectWrap"
                          >
                            <select
                              aria-invalid="false"
                              aria-labelledby="select-12-label"
                              class="selectControl formControl"
                              id="select-12"
                              multiple=""
                              name="exportTypeSpecificParameters.vendorEdiOrdersExportConfig.ediConfig.defaultAcquisitionMethods"
                            />
                          </div>
                          <div
                            role="alert"
                          />
                        </div>
                      </div>
                      <div
                        class="col-xs-6 col-md-3"
                        data-test-edi-account-numbers="true"
                      >
                        <div
                          class="select inputGroup fullWidth"
                        >
                          <label
                            class="label"
                            for="select-13"
                            id="select-13-label"
                          >
                            ui-organizations.integration.edi.accountNumbers
                          </label>
                          <div
                            class="selectWrap"
                          >
                            <select
                              aria-invalid="false"
                              aria-labelledby="select-13-label"
                              aria-required="false"
                              class="selectControl formControl"
                              id="select-13"
                              multiple=""
                              name="exportTypeSpecificParameters.vendorEdiOrdersExportConfig.ediConfig.accountNoList"
                            >
                              <option
                                value="123"
                              >
                                123
                              </option>
                              <option
                                value="456"
                              >
                                456
                              </option>
                            </select>
                          </div>
                          <div
                            role="alert"
                          />
                        </div>
                      </div>
                    </div>
                  </div>
                </div>
              </section>
              <section
                class="accordion hasSeparator"
                data-test-accordion-section="true"
                id="edi"
              >
                <div>
                  <div
                    style="width: 100%; display: flex;"
                  >
                    <div
                      class="headerWrapper"
                    >
                      <div
                        class="header default"
                      >
                        <h3
                          class="headline size-medium margin-none font-weight-bold block"
                          data-test-headline="true"
                        >
                          <button
                            aria-controls="accordion2"
                            aria-expanded="true"
                            class="defaultCollapseButton"
                            id="accordion-toggle-button-edi"
                            type="button"
                          >
                            <span
                              class="headerInner"
                            >
                              <span
                                class="defaultHeaderIcon"
                              >
                                <span>
                                  Icon
                                </span>
                              </span>
                              <div
                                class="labelArea"
                              >
                                ui-organizations.integration.edi
                              </div>
                            </span>
                          </button>
                        </h3>
                      </div>
                    </div>
                  </div>
                </div>
                <div
                  class="content-wrap expanded"
                  style="z-index: 1;"
                >
                  <div
                    aria-labelledby="accordion-toggle-button-edi"
                    class="content-region expanded"
                    data-test-accordion-wrapper="true"
                    id="accordion2"
                    role="region"
                  >
                    <div
                      class="row"
                    >
                      <div
                        class="col-xs-6 col-md-3"
                        data-test-vendor-edi-code="true"
                      >
                        <div
                          class="textField"
                        >
                          <label
                            class="label"
                            for="vendorEdiCode"
                          >
                            ui-organizations.integration.edi.vendorEDICode
                          </label>
                          <div
                            class="formControl inputGroup"
                          >
                            <input
                              aria-invalid="false"
                              aria-required="false"
                              autocapitalize="off"
                              autocomplete="off"
                              autocorrect="off"
                              error=""
                              id="vendorEdiCode"
                              name="exportTypeSpecificParameters.vendorEdiOrdersExportConfig.ediConfig.vendorEdiCode"
                              spellcheck="false"
                              type="text"
                              value=""
                              warning=""
                            />
                          </div>
                          <div
                            role="alert"
                          />
                        </div>
                      </div>
                      <div
                        class="col-xs-6 col-md-3"
                        data-test-vendor-edi-type="true"
                      >
                        <div
                          class="select inputGroup fullWidth"
                        >
                          <label
                            class="label"
                            for="select-14"
                            id="select-14-label"
                          >
                            ui-organizations.integration.edi.vendorEDIType
                          </label>
                          <div
                            class="selectWrap"
                          >
                            <select
                              aria-invalid="false"
                              aria-labelledby="select-14-label"
                              class="selectControl formControl"
                              id="select-14"
                              name="exportTypeSpecificParameters.vendorEdiOrdersExportConfig.ediConfig.vendorEdiType"
                            >
                              <option
                                value="31B/US-SAN"
                              >
                                31B (US-SAN)
                              </option>
                              <option
                                value="014/EAN"
                              >
                                014 (EAN)
                              </option>
                              <option
                                value="091/Vendor-assigned"
                              >
                                091 (Supplier-assigned ID)
                              </option>
                              <option
                                value="092/Customer-assigned"
                              >
                                092 (Library-assigned ID)
                              </option>
                            </select>
                            <span>
                              Icon
                            </span>
                          </div>
                          <div
                            role="alert"
                          />
                        </div>
                      </div>
                      <div
                        class="col-xs-6 col-md-3"
                        data-test-library-edi-code="true"
                      >
                        <div
                          class="textField"
                        >
                          <label
                            class="label"
                            for="libEdiCode"
                          >
                            ui-organizations.integration.edi.libraryEDICode
                          </label>
                          <div
                            class="formControl inputGroup"
                          >
                            <input
                              aria-invalid="false"
                              aria-required="false"
                              autocapitalize="off"
                              autocomplete="off"
                              autocorrect="off"
                              error=""
                              id="libEdiCode"
                              name="exportTypeSpecificParameters.vendorEdiOrdersExportConfig.ediConfig.libEdiCode"
                              spellcheck="false"
                              type="text"
                              value=""
                              warning=""
                            />
                          </div>
                          <div
                            role="alert"
                          />
                        </div>
                      </div>
                      <div
                        class="col-xs-6 col-md-3"
                        data-test-library-edi-type="true"
                      >
                        <div
                          class="select inputGroup fullWidth"
                        >
                          <label
                            class="label"
                            for="select-15"
                            id="select-15-label"
                          >
                            ui-organizations.integration.edi.libraryEDIType
                          </label>
                          <div
                            class="selectWrap"
                          >
                            <select
                              aria-invalid="false"
                              aria-labelledby="select-15-label"
                              class="selectControl formControl"
                              id="select-15"
                              name="exportTypeSpecificParameters.vendorEdiOrdersExportConfig.ediConfig.libEdiType"
                            >
                              <option
                                value="31B/US-SAN"
                              >
                                31B (US-SAN)
                              </option>
                              <option
                                value="014/EAN"
                              >
                                014 (EAN)
                              </option>
                              <option
                                value="091/Vendor-assigned"
                              >
                                091 (Supplier-assigned ID)
                              </option>
                              <option
                                value="092/Customer-assigned"
                              >
                                092 (Library-assigned ID)
                              </option>
                            </select>
                            <span>
                              Icon
                            </span>
                          </div>
                          <div
                            role="alert"
                          />
                        </div>
                      </div>
                      <div
                        class="col-xs-6 col-md-3"
                        data-test-edi-naming-convention="true"
                      >
                        <div
                          class="textField"
                        >
                          <label
                            class="label"
                            for="ediNamingConvention"
                          >
                            ui-organizations.integration.edi.ediNamingConvention
                            <button
                              aria-label="info"
                              class="iconButton small icon"
                              data-test-info-popover-trigger="true"
                              icon="info"
                              type="button"
                            >
                              <span
                                class="iconButtonInner smallOffset"
                                data-test-info-popover-trigger="true"
                              >
                                <span>
                                  Icon
                                </span>
                              </span>
                            </button>
                          </label>
                          <div
                            class="formControl disabled inputGroup isDisabled"
                          >
                            <input
                              aria-invalid="false"
                              autocapitalize="off"
                              autocomplete="off"
                              autocorrect="off"
                              disabled=""
                              error=""
                              id="ediNamingConvention"
                              name="exportTypeSpecificParameters.vendorEdiOrdersExportConfig.ediConfig.ediNamingConvention"
                              spellcheck="false"
                              type="text"
                              value=""
                              warning=""
                            />
                          </div>
                          <div
                            role="alert"
                          />
                        </div>
                      </div>
                      <div
                        class="col-xs-6 col-md-3"
                        data-test-send-acc-number="true"
                      >
                        <div
                          class="checkbox inline vertical"
                          data-test-checkbox="true"
                        >
                          <label
                            class="label label checkboxInteractionStylesControl"
                            for="checkbox-16"
                          >
                            <span
                              class="labelText"
                            >
                              ui-organizations.integration.edi.sendAccountNumber
                            </span>
                            <span
                              class="inner checkboxInteractionStyles"
                            >
                              <input
                                aria-invalid="false"
                                class="input"
                                id="checkbox-16"
                                name="exportTypeSpecificParameters.vendorEdiOrdersExportConfig.ediConfig.sendAccountNumber"
                                type="checkbox"
                                value=""
                              />
                              <span
                                class="checkboxIcon"
                              >
                                <svg
                                  height="10"
                                  viewBox="0 0 14 14"
                                  width="10"
                                  xmlns="http://www.w3.org/2000/svg"
                                >
                                  <path
                                    d="M10.395 4.617L5.63 9.383 3.605 7.358"
                                    fill="none"
                                    stroke-linecap="round"
                                    stroke-linejoin="round"
                                    stroke-miterlimit="10"
                                    stroke-width="1.5"
                                  />
                                </svg>
                              </span>
                            </span>
                          </label>
                          <div
                            role="alert"
                          />
                        </div>
                      </div>
                      <div
                        class="col-xs-6 col-md-3"
                        data-test-notifications="true"
                      >
                        ui-organizations.integration.edi.receiveNotifications
                        <div
                          class="checkbox"
                          data-test-checkbox="true"
                        >
                          <label
                            class="label label checkboxInteractionStylesControl"
                            for="checkbox-17"
                          >
                            <span
                              class="inner checkboxInteractionStyles"
                            >
                              <input
                                aria-invalid="false"
                                class="input"
                                id="checkbox-17"
                                name="exportTypeSpecificParameters.vendorEdiOrdersExportConfig.ediConfig.supportOrder"
                                type="checkbox"
                                value=""
                              />
                              <span
                                class="checkboxIcon"
                              >
                                <svg
                                  height="10"
                                  viewBox="0 0 14 14"
                                  width="10"
                                  xmlns="http://www.w3.org/2000/svg"
                                >
                                  <path
                                    d="M10.395 4.617L5.63 9.383 3.605 7.358"
                                    fill="none"
                                    stroke-linecap="round"
                                    stroke-linejoin="round"
                                    stroke-miterlimit="10"
                                    stroke-width="1.5"
                                  />
                                </svg>
                              </span>
                              <span
                                class="labelText"
                              >
                                ui-organizations.integration.edi.orders
                              </span>
                            </span>
                          </label>
                          <div
                            role="alert"
                          />
                        </div>
                        <div
                          class="checkbox"
                          data-test-checkbox="true"
                        >
                          <label
                            class="label label checkboxInteractionStylesControl"
                            for="checkbox-18"
                          >
                            <span
                              class="inner checkboxInteractionStyles"
                            >
                              <input
                                aria-invalid="false"
                                class="input"
                                id="checkbox-18"
                                name="exportTypeSpecificParameters.vendorEdiOrdersExportConfig.ediConfig.supportInvoice"
                                type="checkbox"
                                value=""
                              />
                              <span
                                class="checkboxIcon"
                              >
                                <svg
                                  height="10"
                                  viewBox="0 0 14 14"
                                  width="10"
                                  xmlns="http://www.w3.org/2000/svg"
                                >
                                  <path
                                    d="M10.395 4.617L5.63 9.383 3.605 7.358"
                                    fill="none"
                                    stroke-linecap="round"
                                    stroke-linejoin="round"
                                    stroke-miterlimit="10"
                                    stroke-width="1.5"
                                  />
                                </svg>
                              </span>
                              <span
                                class="labelText"
                              >
                                ui-organizations.integration.edi.invoices
                              </span>
                            </span>
                          </label>
                          <div
                            role="alert"
                          />
                        </div>
                      </div>
                      <div
                        class="col-xs-6 col-md-3"
                        data-test-notes="true"
                      >
                        <div
                          class="textArea fullWidth"
                        >
                          <label
                            class="label"
                            for="textarea-input-19"
                          >
                            ui-organizations.integration.edi.notes
                          </label>
                          <div
                            class="inputGroup"
                          >
                            <textarea
                              aria-invalid="false"
                              class="formControl"
                              id="textarea-input-19"
                              name="exportTypeSpecificParameters.vendorEdiOrdersExportConfig.ediConfig.notes"
                            />
                            <div
                              role="alert"
                            />
                          </div>
                        </div>
                      </div>
                    </div>
                  </div>
                </div>
              </section>
              <section
                class="accordion hasSeparator"
                data-test-accordion-section="true"
                id="scheduling"
              >
                <div>
                  <div
                    style="width: 100%; display: flex;"
                  >
                    <div
                      class="headerWrapper"
                    >
                      <div
                        class="header default"
                      >
                        <h3
                          class="headline size-medium margin-none font-weight-bold block"
                          data-test-headline="true"
                        >
                          <button
                            aria-controls="accordion3"
                            aria-expanded="true"
                            class="defaultCollapseButton"
                            id="accordion-toggle-button-scheduling"
                            type="button"
                          >
                            <span
                              class="headerInner"
                            >
                              <span
                                class="defaultHeaderIcon"
                              >
                                <span>
                                  Icon
                                </span>
                              </span>
                              <div
                                class="labelArea"
                              >
                                ui-organizations.integration.scheduling
                              </div>
                            </span>
                          </button>
                        </h3>
                      </div>
                    </div>
                  </div>
                </div>
                <div
                  class="content-wrap expanded"
                  style="z-index: 2;"
                >
                  <div
                    aria-labelledby="accordion-toggle-button-scheduling"
                    class="content-region expanded"
                    data-test-accordion-wrapper="true"
                    id="accordion3"
                    role="region"
                  >
                    <div
                      class="row"
                    >
                      <div
                        class="col-xs-3"
                      >
                        <div
                          class="checkbox fullWidth inline vertical"
                          data-test-checkbox="true"
                        >
                          <label
                            class="label label checkboxInteractionStylesControl"
                            for="checkbox-20"
                          >
                            <span
                              class="labelText"
                            >
                              ui-organizations.integration.scheduling.scheduleEDI
                            </span>
                            <span
                              class="inner checkboxInteractionStyles"
                            >
                              <input
                                aria-invalid="false"
                                class="input"
                                id="checkbox-20"
                                name="exportTypeSpecificParameters.vendorEdiOrdersExportConfig.ediSchedule.enableScheduledExport"
                                type="checkbox"
                                value=""
                              />
                              <span
                                class="checkboxIcon"
                              >
                                <svg
                                  height="10"
                                  viewBox="0 0 14 14"
                                  width="10"
                                  xmlns="http://www.w3.org/2000/svg"
                                >
                                  <path
                                    d="M10.395 4.617L5.63 9.383 3.605 7.358"
                                    fill="none"
                                    stroke-linecap="round"
                                    stroke-linejoin="round"
                                    stroke-miterlimit="10"
                                    stroke-width="1.5"
                                  />
                                </svg>
                              </span>
                            </span>
                          </label>
                          <div
                            role="alert"
                          />
                        </div>
                      </div>
                    </div>
                  </div>
                </div>
              </section>
            </div>
          </div>
        </div>
      </div>
      <div
        class="paneFooter"
      >
        <div
          class="paneFooterContent"
        >
          <span
            class="renderStart"
            data-test-pane-footer-start="true"
          >
            <button
              class="button default mega"
              id="clickable-close-contact-person-footer"
              type="button"
            >
              <span
                class="inner"
              >
                ui-organizations.button.cancel
              </span>
            </button>
          </span>
          <span
            data-test-pane-footer-end="true"
          >
            <button
              class="button primary mega"
              disabled=""
              id="clickable-save-contact-person-footer"
              type="submit"
            >
              <span
                class="inner"
              >
                stripes-components.saveAndClose
              </span>
            </button>
          </span>
        </div>
      </div>
    </section>
  </div>
</DocumentFragment>
`;
