// Jest Snapshot v1, https://goo.gl/fbAQLP

exports[`OrganizationIntegrationView should render correct view structure 1`] = `
<DocumentFragment>
  <div>
    <section
      class="pane focusIndicator"
      id="integration-view"
    >
      <div
        aria-labelledby="paneHeaderintegration-view-pane-title"
        class="paneHeader"
        data-test-pane-header="true"
        id="paneHeaderintegration-view"
        role="region"
        tabindex="-1"
      >
        <div
          class="paneHeaderButtonsArea first"
        >
          <div
            class="paneMenu"
          >
            <button
              aria-label="stripes-components.closeItem"
              class="iconButton medium paneHeaderCloseIcon PaneHeaderIconButton paneHeaderIconButton"
              data-test-pane-header-dismiss-button="true"
              icon="times"
              type="button"
            >
              <span
                class="iconButtonInner mediumOffset PaneHeaderIconButton__inner"
                data-test-pane-header-dismiss-button="true"
              >
                <span>
                  Icon
                </span>
              </span>
            </button>
          </div>
        </div>
        <div
          class="paneHeaderCenter"
        >
          <div
            class="paneHeaderCenterInner"
            id="paneHeaderintegration-view-pane-title"
          >
            <h2
              class="paneTitle"
              data-test-pane-header-title="true"
            >
              <div
                class="appIcon small icon-alignment-center"
              >
                <span
                  aria-hidden="true"
                  class="icon"
                />
              </div>
              <span
                class="paneTitleLabel"
              >
                testConfig
              </span>
            </h2>
          </div>
        </div>
        <div
          class="paneHeaderButtonsArea last"
        >
          <div
            class="paneMenu"
          >
            <div
              class="dropdown"
              data-pane-header-actions-dropdown="true"
            >
              <button
                aria-expanded="false"
                aria-haspopup="true"
                class="button primary marginBottom0 actionMenuToggle"
                data-test-pane-header-actions-button="true"
                type="button"
              >
                <span
                  class="inner"
                >
                  <span>
                    Icon
                  </span>
                </span>
              </button>
              <div
                style="display: none;"
              >
                <div
                  class="DropdownMenu"
                  style="left: 0px; display: block;"
                >
                  <section
                    aria-labelledby="integration-actions-label"
                    class="menuSection"
                    data-test-menu-section="true"
                    id="integration-actions"
                  >
                    <button
                      class="button dropdownItem"
                      data-testid="edit-integration-action"
                      type="button"
                    >
                      <span
                        class="inner"
                      >
                        <span>
                          Icon
                        </span>
                      </span>
                    </button>
                    <button
                      class="button dropdownItem"
                      data-testid="duplicate-integration-action"
                      type="button"
                    >
                      <span
                        class="inner"
                      >
                        <span>
                          Icon
                        </span>
                      </span>
                    </button>
                    <button
                      class="button dropdownItem"
                      data-testid="remove-integration-action"
                      type="button"
                    >
                      <span
                        class="inner"
                      >
                        <span>
                          Icon
                        </span>
                      </span>
                    </button>
                  </section>
                </div>
              </div>
            </div>
          </div>
        </div>
      </div>
      <div
        class="paneContent hasPadding"
        id="integration-view-content"
        tabindex="0"
      >
        <div
          class="row"
        >
          <div
            class="col-xs-12 col-md-8 col-md-offset-2"
          >
            <div
              class="row end-xs"
            >
              <div
                class="col-xs-12"
              >
                <button
                  class="button link bottomMargin0"
                  data-test-expand-button="true"
                  type="button"
                >
                  <span
                    class="inner"
                  >
                    <strong>
                      stripes-components.collapseAll
                    </strong>
                  </span>
                </button>
              </div>
            </div>
            <div
              id="org-integration-view-accordion-set"
            >
              <section
                class="accordion hasSeparator"
                data-test-accordion-section="true"
                id="integrationInfo"
              >
                <div>
                  <div
                    style="width: 100%; display: flex;"
                  >
                    <div
                      class="headerWrapper"
                    >
                      <div
                        class="header default"
                      >
                        <h3
                          class="headline size-medium margin-none font-weight-bold block"
                          data-test-headline="true"
                        >
                          <button
                            aria-controls="accordion1"
                            aria-expanded="true"
                            class="defaultCollapseButton"
                            id="accordion-toggle-button-integrationInfo"
                            type="button"
                          >
                            <span
                              class="headerInner"
                            >
                              <span
                                class="defaultHeaderIcon"
                              >
                                <span>
                                  Icon
                                </span>
                              </span>
                              <div
                                class="labelArea"
                              >
                                ui-organizations.integration.info
                              </div>
                            </span>
                          </button>
                        </h3>
                      </div>
                    </div>
                  </div>
                </div>
                <div
                  class="content-wrap expanded"
                  style="z-index: 0;"
                >
                  <div
                    aria-labelledby="accordion-toggle-button-integrationInfo"
                    class="content-region expanded"
                    data-test-accordion-wrapper="true"
                    id="accordion1"
                    role="region"
                  >
                    <div
                      class="row"
                    >
                      <div
                        class="col-xs-3"
                      >
                        <div
                          class="kvRoot"
                        >
                          <div
                            class="kvLabel"
                          >
                            ui-organizations.integration.info.configName
                          </div>
                          <div
                            class="kvValue"
                            data-test-kv-value="true"
                          >
                            testConfig
                          </div>
                        </div>
                      </div>
                      <div
                        class="col-xs-3"
                      >
                        <div
                          class="kvRoot"
                        >
                          <div
                            class="kvLabel"
                          >
                            ui-organizations.integration.info.configDescription
                          </div>
                          <div
                            class="kvValue"
                            data-test-kv-value="true"
                          >
                            testDescription
                          </div>
                        </div>
                      </div>
                      <div
                        class="col-xs-3"
                      >
                        <div
                          class="checkbox inline vertical disabled"
                          data-test-checkbox="true"
                        >
                          <label
                            class="label label"
                            for="checkbox-5"
                          >
                            <span
                              class="labelText"
                            >
                              ui-organizations.integration.info.isDefaultConfig
                            </span>
                            <span
                              class="inner disabledLabel"
                            >
                              <input
                                aria-invalid="false"
                                class="input"
                                disabled=""
                                id="checkbox-5"
                                type="checkbox"
                                value=""
                              />
                              <span
                                class="checkboxIcon"
                              >
                                <svg
                                  height="10"
                                  viewBox="0 0 14 14"
                                  width="10"
                                  xmlns="http://www.w3.org/2000/svg"
                                >
                                  <path
                                    d="M10.395 4.617L5.63 9.383 3.605 7.358"
                                    fill="none"
                                    stroke-linecap="round"
                                    stroke-linejoin="round"
                                    stroke-miterlimit="10"
                                    stroke-width="1.5"
                                  />
                                </svg>
                              </span>
                            </span>
                          </label>
                          <div
                            role="alert"
                          />
                        </div>
                      </div>
                    </div>
                    <div
                      class="row"
                    >
                      <div
                        class="col-xs-6 col-md-3"
                      >
                        <div
                          class="kvRoot"
                        >
                          <div
                            class="kvLabel"
                          >
                            ui-organizations.integration.info.integrationType
                          </div>
                          <div
                            class="kvValue"
                            data-test-kv-value="true"
                          >
                            <span>
                              NoValue
                            </span>
                          </div>
                        </div>
                      </div>
                      <div
                        class="col-xs-6 col-md-3"
                      >
                        <div
                          class="kvRoot"
                        >
                          <div
                            class="kvLabel"
                          >
                            ui-organizations.integration.info.transmissionMethod
                          </div>
                          <div
                            class="kvValue"
                            data-test-kv-value="true"
                          >
                            <span>
                              NoValue
                            </span>
                          </div>
                        </div>
                      </div>
                      <div
                        class="col-xs-6 col-md-3"
                      >
                        <div
                          class="kvRoot"
                        >
                          <div
                            class="kvLabel"
                          >
                            ui-organizations.integration.info.fileFormat
                          </div>
                          <div
                            class="kvValue"
                            data-test-kv-value="true"
                          >
                            <span>
                              NoValue
                            </span>
                          </div>
                        </div>
                      </div>
                      <div
                        class="col-xs-6 col-md-3"
                        data-test-edi-acq-methods="true"
                      >
                        <div
                          class="kvRoot"
                        >
                          <div
                            class="kvLabel"
                          >
                            ui-organizations.integration.edi.defaultAcquisitionMethods
                          </div>
                          <div
                            class="kvValue"
                            data-test-kv-value="true"
                          >
                            <span>
                              NoValue
                            </span>
                          </div>
                        </div>
                      </div>
                      <div
                        class="col-xs-6 col-md-3"
                        data-test-edi-account-numbers="true"
                      >
                        <div
                          class="kvRoot"
                        >
                          <div
                            class="kvLabel"
                          >
                            ui-organizations.integration.edi.accountNumbers
                          </div>
                          <div
                            class="kvValue"
                            data-test-kv-value="true"
                          >
                            <span>
                              NoValue
                            </span>
                          </div>
                        </div>
                      </div>
                    </div>
                  </div>
                </div>
              </section>
              <section
                class="accordion hasSeparator"
                data-test-accordion-section="true"
                id="edi"
              >
                <div>
                  <div
                    style="width: 100%; display: flex;"
                  >
                    <div
                      class="headerWrapper"
                    >
                      <div
                        class="header default"
                      >
                        <h3
                          class="headline size-medium margin-none font-weight-bold block"
                          data-test-headline="true"
                        >
                          <button
                            aria-controls="accordion2"
                            aria-expanded="true"
                            class="defaultCollapseButton"
                            id="accordion-toggle-button-edi"
                            type="button"
                          >
                            <span
                              class="headerInner"
                            >
                              <span
                                class="defaultHeaderIcon"
                              >
                                <span>
                                  Icon
                                </span>
                              </span>
                              <div
                                class="labelArea"
                              >
                                ui-organizations.integration.edi
                              </div>
                            </span>
                          </button>
                        </h3>
                      </div>
                    </div>
                  </div>
                </div>
                <div
                  class="content-wrap expanded"
                  style="z-index: 1;"
                >
                  <div
                    aria-labelledby="accordion-toggle-button-edi"
                    class="content-region expanded"
                    data-test-accordion-wrapper="true"
                    id="accordion2"
                    role="region"
                  >
                    <div
                      class="row"
                    >
                      <div
                        class="col-xs-6 col-md-3"
                        data-test-vendor-edi-code="true"
                      >
                        <div
                          class="kvRoot"
                        >
                          <div
                            class="kvLabel"
                          >
                            ui-organizations.integration.edi.vendorEDICode
                          </div>
                          <div
                            class="kvValue"
                            data-test-kv-value="true"
                          >
                            <span>
                              NoValue
                            </span>
                          </div>
                        </div>
                      </div>
                      <div
                        class="col-xs-6 col-md-3"
                        data-test-vendor-edi-type="true"
                      >
                        <div
                          class="kvRoot"
                        >
                          <div
                            class="kvLabel"
                          >
                            ui-organizations.integration.edi.vendorEDIType
                          </div>
                          <div
                            class="kvValue"
                            data-test-kv-value="true"
                          >
                            31B/US-SAN
                          </div>
                        </div>
                      </div>
                      <div
                        class="col-xs-6 col-md-3"
                        data-test-library-edi-code="true"
                      >
                        <div
                          class="kvRoot"
                        >
                          <div
                            class="kvLabel"
                          >
                            ui-organizations.integration.edi.libraryEDICode
                          </div>
                          <div
                            class="kvValue"
                            data-test-kv-value="true"
                          >
                            <span>
                              NoValue
                            </span>
                          </div>
                        </div>
                      </div>
                      <div
                        class="col-xs-6 col-md-3"
                        data-test-library-edi-type="true"
                      >
                        <div
                          class="kvRoot"
                        >
                          <div
                            class="kvLabel"
                          >
                            ui-organizations.integration.edi.libraryEDIType
                          </div>
                          <div
                            class="kvValue"
                            data-test-kv-value="true"
                          >
                            014/EAN
                          </div>
                        </div>
                      </div>
                      <div
                        class="col-xs-6 col-md-3"
                        data-test-edi-naming-convention="true"
                      >
                        <div
                          class="kvRoot"
                        >
                          <div
                            class="kvLabel"
                          >
                            ui-organizations.integration.edi.ediNamingConvention
                          </div>
                          <div
                            class="kvValue"
                            data-test-kv-value="true"
                          >
                            <span>
                              NoValue
                            </span>
                          </div>
                        </div>
                      </div>
                      <div
                        class="col-xs-6 col-md-3"
                        data-test-send-acc-number="true"
                      >
                        <div
                          class="checkbox inline vertical disabled"
                          data-test-checkbox="true"
                        >
                          <label
                            class="label label"
                            for="checkbox-6"
                          >
                            <span
                              class="labelText"
                            >
                              ui-organizations.integration.edi.sendAccountNumber
                            </span>
                            <span
                              class="inner disabledLabel"
                            >
                              <input
                                aria-invalid="false"
                                class="input"
                                disabled=""
                                id="checkbox-6"
                                type="checkbox"
                                value=""
                              />
                              <span
                                class="checkboxIcon"
                              >
                                <svg
                                  height="10"
                                  viewBox="0 0 14 14"
                                  width="10"
                                  xmlns="http://www.w3.org/2000/svg"
                                >
                                  <path
                                    d="M10.395 4.617L5.63 9.383 3.605 7.358"
                                    fill="none"
                                    stroke-linecap="round"
                                    stroke-linejoin="round"
                                    stroke-miterlimit="10"
                                    stroke-width="1.5"
                                  />
                                </svg>
                              </span>
                            </span>
                          </label>
                          <div
                            role="alert"
                          />
                        </div>
                      </div>
                      <div
                        class="col-xs-6 col-md-3"
                        data-test-notifications-orders="true"
                      >
                        <div
                          class="checkbox inline vertical disabled"
                          data-test-checkbox="true"
                        >
                          <label
                            class="label label"
                            for="checkbox-7"
                          >
                            <span
                              class="labelText"
                            >
                              ui-organizations.integration.edi.orders
                            </span>
                            <span
                              class="inner disabledLabel"
                            >
                              <input
                                aria-invalid="false"
                                class="input"
                                disabled=""
                                id="checkbox-7"
                                type="checkbox"
                                value=""
                              />
                              <span
                                class="checkboxIcon"
                              >
                                <svg
                                  height="10"
                                  viewBox="0 0 14 14"
                                  width="10"
                                  xmlns="http://www.w3.org/2000/svg"
                                >
                                  <path
                                    d="M10.395 4.617L5.63 9.383 3.605 7.358"
                                    fill="none"
                                    stroke-linecap="round"
                                    stroke-linejoin="round"
                                    stroke-miterlimit="10"
                                    stroke-width="1.5"
                                  />
                                </svg>
                              </span>
                            </span>
                          </label>
                          <div
                            role="alert"
                          />
                        </div>
                      </div>
                      <div
                        class="col-xs-6 col-md-3"
                        data-test-notifications-invoices="true"
                      >
                        <div
                          class="checkbox inline vertical disabled"
                          data-test-checkbox="true"
                        >
                          <label
                            class="label label"
                            for="checkbox-8"
                          >
                            <span
                              class="labelText"
                            >
                              ui-organizations.integration.edi.invoices
                            </span>
                            <span
                              class="inner disabledLabel"
                            >
                              <input
                                aria-invalid="false"
                                class="input"
                                disabled=""
                                id="checkbox-8"
                                type="checkbox"
                                value=""
                              />
                              <span
                                class="checkboxIcon"
                              >
                                <svg
                                  height="10"
                                  viewBox="0 0 14 14"
                                  width="10"
                                  xmlns="http://www.w3.org/2000/svg"
                                >
                                  <path
                                    d="M10.395 4.617L5.63 9.383 3.605 7.358"
                                    fill="none"
                                    stroke-linecap="round"
                                    stroke-linejoin="round"
                                    stroke-miterlimit="10"
                                    stroke-width="1.5"
                                  />
                                </svg>
                              </span>
                            </span>
                          </label>
                          <div
                            role="alert"
                          />
                        </div>
                      </div>
                      <div
                        class="col-xs-6 col-md-3"
                        data-test-notes="true"
                      >
                        <div
                          class="kvRoot"
                        >
                          <div
                            class="kvLabel"
                          >
                            ui-organizations.integration.edi.notes
                          </div>
                          <div
                            class="kvValue"
                            data-test-kv-value="true"
                          >
                            <span>
                              NoValue
                            </span>
                          </div>
                        </div>
                      </div>
                    </div>
                  </div>
                </div>
              </section>
              <section
                class="accordion hasSeparator"
                data-test-accordion-section="true"
                id="scheduling"
              >
                <div>
                  <div
                    style="width: 100%; display: flex;"
                  >
                    <div
                      class="headerWrapper"
                    >
                      <div
                        class="header default"
                      >
                        <h3
                          class="headline size-medium margin-none font-weight-bold block"
                          data-test-headline="true"
                        >
                          <button
                            aria-controls="accordion3"
                            aria-expanded="true"
                            class="defaultCollapseButton"
                            id="accordion-toggle-button-scheduling"
                            type="button"
                          >
                            <span
                              class="headerInner"
                            >
                              <span
                                class="defaultHeaderIcon"
                              >
                                <span>
                                  Icon
                                </span>
                              </span>
                              <div
                                class="labelArea"
                              >
                                ui-organizations.integration.scheduling
                              </div>
                            </span>
                          </button>
                        </h3>
                      </div>
                    </div>
                  </div>
                </div>
                <div
                  class="content-wrap expanded"
                  style="z-index: 2;"
                >
                  <div
                    aria-labelledby="accordion-toggle-button-scheduling"
                    class="content-region expanded"
                    data-test-accordion-wrapper="true"
                    id="accordion3"
                    role="region"
                  >
                    <div
                      class="row"
                    >
                      <div
                        class="col-xs-3"
                      >
                        <div
                          class="checkbox inline vertical disabled"
                          data-test-checkbox="true"
                        >
                          <label
                            class="label label"
                            for="checkbox-9"
                          >
                            <span
                              class="labelText"
                            >
                              ui-organizations.integration.scheduling.scheduleEDI
                            </span>
                            <span
                              class="inner disabledLabel"
                            >
                              <input
                                aria-invalid="false"
                                checked=""
                                class="input"
                                disabled=""
                                id="checkbox-9"
                                type="checkbox"
                                value=""
                              />
                              <span
                                class="checkboxIcon"
                              >
                                <svg
                                  height="10"
                                  viewBox="0 0 14 14"
                                  width="10"
                                  xmlns="http://www.w3.org/2000/svg"
                                >
                                  <path
                                    d="M10.395 4.617L5.63 9.383 3.605 7.358"
                                    fill="none"
                                    stroke-linecap="round"
                                    stroke-linejoin="round"
                                    stroke-miterlimit="10"
                                    stroke-width="1.5"
                                  />
                                </svg>
                              </span>
                            </span>
                          </label>
                          <div
                            role="alert"
                          />
                        </div>
                      </div>
                      <div
                        class="col-xs-3"
                      >
                        <div
                          class="kvRoot"
                        >
                          <div
                            class="kvLabel"
                          >
                            ui-organizations.integration.scheduling.schedulePeriod
                          </div>
                          <div
                            class="kvValue"
                            data-test-kv-value="true"
                          >
                            <span>
                              NoValue
                            </span>
                          </div>
                        </div>
                      </div>
                      <div
                        class="col-xs-3"
                      >
                        <div
                          class="kvRoot"
                        >
                          <div
                            class="kvLabel"
                          >
                            ui-organizations.integration.scheduling.scheduleTime
                          </div>
                          <div
                            class="kvValue"
                            data-test-kv-value="true"
                          >
                            <span>
                              NoValue
                            </span>
                          </div>
                        </div>
                      </div>
                    </div>
                  </div>
                </div>
              </section>
            </div>
          </div>
        </div>
      </div>
    </section>
  </div>
</DocumentFragment>
`;
